node.exe : C:\Users\H
omePC\coding\valentin
e\node_modules\@prism
a\client\src\runtime\
getPrismaClient.ts:25
9
At line:1 char:1
+ & "C:\Program Files
\nodejs/node.exe" 
"C:\Program 
Files\nodejs/node_mo 
...
+ ~~~~~~~~~~~~~~~~~~~
~~~~~~~~~~~~~~~~~~~~~
~~~~~~~~~~~~~~~~~~~~~
~~~~~~~~
    + CategoryInfo   
           : NotSpe  
  cified: (C:\User   
 s\HomePC...maCli    
ent.ts:259:Strin    
g) [], RemoteExc    
eption
    + FullyQualified 
   ErrorId : Native  
  CommandError
 
        throw new Pri
smaClientInitializati
onError(
              ^
PrismaClientInitializ
ationError: 
`PrismaClient` needs 
to be constructed 
with a non-empty, 
valid `PrismaClientOp
tions`:

```
new PrismaClient({
  ...
})
```

or

```
constructor() {
  super({ ... });
}
```
          
    at new t (C:\User
s\HomePC\coding\valen
tine\node_modules\@pr
isma\client\src\runti
me\getPrismaClient.ts
:259:15)
    at file:///C:/Use
rs/HomePC/coding/vale
ntine/test-user-creat
ion.ts:4:16
    at ModuleJob.run 
(node:internal/module
s/esm/module_job:377:
25)
    at async onImport
.tracePromise.__proto
__ (node:internal/mod
ules/esm/loader:671:2
6)
    at async asyncRun
EntryPointWithESMLoad
er (node:internal/mod
ules/run_main:101:5) 
{
  clientVersion: 
'7.3.0',
  errorCode: 
undefined,
  retryable: 
undefined
}
